
> Configure project :app
WARNING: Using flatDir should be avoided because it doesn't support any meta-data formats.

> Configure project :capacitor-cordova-android-plugins
WARNING: Using flatDir should be avoided because it doesn't support any meta-data formats.

> Task :app:preBuild UP-TO-DATE
> Task :app:preReleaseBuild UP-TO-DATE
> Task :app:mergeReleaseJniLibFolders UP-TO-DATE
> Task :capacitor-android:preBuild UP-TO-DATE
> Task :capacitor-android:preReleaseBuild UP-TO-DATE
> Task :capacitor-android:mergeReleaseJniLibFolders UP-TO-DATE
> Task :capacitor-android:mergeReleaseNativeLibs NO-SOURCE
> Task :capacitor-android:copyReleaseJniLibsProjectOnly UP-TO-DATE
> Task :capacitor-app:preBuild UP-TO-DATE
> Task :capacitor-app:preReleaseBuild UP-TO-DATE
> Task :capacitor-app:mergeReleaseJniLibFolders UP-TO-DATE
> Task :capacitor-app:mergeReleaseNativeLibs NO-SOURCE
> Task :capacitor-app:copyReleaseJniLibsProjectOnly UP-TO-DATE
> Task :capacitor-community-media:preBuild UP-TO-DATE
> Task :capacitor-community-media:preReleaseBuild UP-TO-DATE
> Task :capacitor-community-media:mergeReleaseJniLibFolders UP-TO-DATE
> Task :capacitor-community-media:mergeReleaseNativeLibs NO-SOURCE
> Task :capacitor-community-media:copyReleaseJniLibsProjectOnly UP-TO-DATE
> Task :capacitor-cordova-android-plugins:preBuild UP-TO-DATE
> Task :capacitor-cordova-android-plugins:preReleaseBuild UP-TO-DATE
> Task :capacitor-cordova-android-plugins:mergeReleaseJniLibFolders
> Task :capacitor-cordova-android-plugins:mergeReleaseNativeLibs NO-SOURCE
> Task :capacitor-filesystem:preBuild UP-TO-DATE
> Task :capacitor-filesystem:preReleaseBuild UP-TO-DATE
> Task :capacitor-cordova-android-plugins:copyReleaseJniLibsProjectOnly
> Task :capacitor-filesystem:mergeReleaseJniLibFolders UP-TO-DATE
> Task :capacitor-filesystem:mergeReleaseNativeLibs NO-SOURCE
> Task :capacitor-filesystem:copyReleaseJniLibsProjectOnly UP-TO-DATE
> Task :capacitor-share:preBuild UP-TO-DATE
> Task :capacitor-share:preReleaseBuild UP-TO-DATE
> Task :capacitor-share:mergeReleaseJniLibFolders UP-TO-DATE
> Task :capacitor-share:mergeReleaseNativeLibs NO-SOURCE
> Task :capacitor-share:copyReleaseJniLibsProjectOnly UP-TO-DATE
> Task :capacitor-splash-screen:preBuild UP-TO-DATE
> Task :capacitor-splash-screen:preReleaseBuild UP-TO-DATE
> Task :capacitor-splash-screen:mergeReleaseJniLibFolders UP-TO-DATE
> Task :capacitor-splash-screen:mergeReleaseNativeLibs NO-SOURCE
> Task :capacitor-splash-screen:copyReleaseJniLibsProjectOnly UP-TO-DATE
> Task :capacitor-status-bar:preBuild UP-TO-DATE
> Task :capacitor-status-bar:preReleaseBuild UP-TO-DATE
> Task :capacitor-status-bar:mergeReleaseJniLibFolders UP-TO-DATE
> Task :capacitor-status-bar:mergeReleaseNativeLibs NO-SOURCE
> Task :capacitor-status-bar:copyReleaseJniLibsProjectOnly UP-TO-DATE
> Task :app:mergeReleaseNativeLibs NO-SOURCE
> Task :app:stripReleaseDebugSymbols NO-SOURCE
> Task :app:extractReleaseNativeSymbolTables NO-SOURCE
> Task :app:mergeReleaseNativeDebugMetadata NO-SOURCE
> Task :capacitor-android:generateReleaseResValues UP-TO-DATE
> Task :capacitor-android:generateReleaseResources UP-TO-DATE
> Task :capacitor-android:packageReleaseResources UP-TO-DATE
> Task :capacitor-android:processReleaseNavigationResources UP-TO-DATE
> Task :capacitor-android:parseReleaseLocalResources UP-TO-DATE
> Task :capacitor-android:generateReleaseRFile UP-TO-DATE
> Task :capacitor-android:javaPreCompileRelease UP-TO-DATE
> Task :capacitor-android:compileReleaseJavaWithJavac UP-TO-DATE
> Task :capacitor-android:bundleLibCompileToJarRelease UP-TO-DATE
> Task :capacitor-community-media:generateReleaseResValues UP-TO-DATE
> Task :capacitor-community-media:generateReleaseResources UP-TO-DATE
> Task :capacitor-community-media:packageReleaseResources UP-TO-DATE
> Task :capacitor-community-media:processReleaseNavigationResources UP-TO-DATE
> Task :capacitor-community-media:parseReleaseLocalResources UP-TO-DATE
> Task :capacitor-community-media:generateReleaseRFile UP-TO-DATE
> Task :capacitor-community-media:javaPreCompileRelease UP-TO-DATE
> Task :capacitor-community-media:compileReleaseJavaWithJavac UP-TO-DATE
> Task :capacitor-community-media:bundleLibRuntimeToJarRelease UP-TO-DATE
> Task :capacitor-android:bundleLibRuntimeToJarRelease UP-TO-DATE
> Task :capacitor-app:generateReleaseResValues UP-TO-DATE
> Task :capacitor-app:generateReleaseResources UP-TO-DATE
> Task :capacitor-app:packageReleaseResources UP-TO-DATE
> Task :capacitor-app:processReleaseNavigationResources UP-TO-DATE
> Task :capacitor-app:parseReleaseLocalResources UP-TO-DATE
> Task :capacitor-app:generateReleaseRFile UP-TO-DATE
> Task :capacitor-app:javaPreCompileRelease UP-TO-DATE
> Task :capacitor-app:compileReleaseJavaWithJavac UP-TO-DATE
> Task :capacitor-app:bundleLibRuntimeToJarRelease UP-TO-DATE
> Task :capacitor-filesystem:checkKotlinGradlePluginConfigurationErrors
> Task :capacitor-filesystem:generateReleaseResValues UP-TO-DATE
> Task :capacitor-filesystem:generateReleaseResources UP-TO-DATE
> Task :capacitor-filesystem:packageReleaseResources UP-TO-DATE
> Task :capacitor-filesystem:processReleaseNavigationResources UP-TO-DATE
> Task :capacitor-filesystem:parseReleaseLocalResources UP-TO-DATE
> Task :capacitor-filesystem:generateReleaseRFile UP-TO-DATE
> Task :capacitor-filesystem:compileReleaseKotlin UP-TO-DATE
> Task :capacitor-filesystem:javaPreCompileRelease UP-TO-DATE
> Task :capacitor-filesystem:compileReleaseJavaWithJavac NO-SOURCE
> Task :capacitor-filesystem:bundleLibRuntimeToJarRelease UP-TO-DATE
> Task :capacitor-share:generateReleaseResValues UP-TO-DATE
> Task :capacitor-share:generateReleaseResources UP-TO-DATE
> Task :capacitor-share:packageReleaseResources UP-TO-DATE
> Task :capacitor-share:processReleaseNavigationResources UP-TO-DATE
> Task :capacitor-share:parseReleaseLocalResources UP-TO-DATE
> Task :capacitor-share:generateReleaseRFile UP-TO-DATE
> Task :capacitor-share:javaPreCompileRelease UP-TO-DATE
> Task :capacitor-share:compileReleaseJavaWithJavac UP-TO-DATE
> Task :capacitor-share:bundleLibRuntimeToJarRelease UP-TO-DATE
> Task :capacitor-splash-screen:generateReleaseResValues UP-TO-DATE
> Task :capacitor-splash-screen:generateReleaseResources UP-TO-DATE
> Task :capacitor-splash-screen:packageReleaseResources UP-TO-DATE
> Task :capacitor-splash-screen:processReleaseNavigationResources UP-TO-DATE
> Task :capacitor-splash-screen:parseReleaseLocalResources UP-TO-DATE
> Task :capacitor-splash-screen:generateReleaseRFile UP-TO-DATE
> Task :capacitor-splash-screen:javaPreCompileRelease UP-TO-DATE
> Task :capacitor-splash-screen:compileReleaseJavaWithJavac UP-TO-DATE
> Task :capacitor-splash-screen:bundleLibRuntimeToJarRelease UP-TO-DATE
> Task :capacitor-status-bar:generateReleaseResValues UP-TO-DATE
> Task :capacitor-status-bar:generateReleaseResources UP-TO-DATE
> Task :capacitor-status-bar:packageReleaseResources UP-TO-DATE
> Task :capacitor-status-bar:processReleaseNavigationResources UP-TO-DATE
> Task :capacitor-status-bar:parseReleaseLocalResources UP-TO-DATE
> Task :capacitor-status-bar:generateReleaseRFile UP-TO-DATE
> Task :capacitor-status-bar:javaPreCompileRelease UP-TO-DATE
> Task :capacitor-status-bar:compileReleaseJavaWithJavac UP-TO-DATE
> Task :capacitor-status-bar:bundleLibRuntimeToJarRelease UP-TO-DATE
> Task :capacitor-cordova-android-plugins:generateReleaseResValues
> Task :capacitor-cordova-android-plugins:generateReleaseResources
> Task :capacitor-cordova-android-plugins:packageReleaseResources
> Task :capacitor-cordova-android-plugins:processReleaseNavigationResources
> Task :capacitor-cordova-android-plugins:javaPreCompileRelease
> Task :app:checkReleaseDuplicateClasses UP-TO-DATE
> Task :capacitor-cordova-android-plugins:parseReleaseLocalResources
> Task :app:javaPreCompileRelease UP-TO-DATE
> Task :capacitor-android:writeReleaseAarMetadata UP-TO-DATE
> Task :capacitor-app:writeReleaseAarMetadata UP-TO-DATE
> Task :capacitor-community-media:writeReleaseAarMetadata UP-TO-DATE
> Task :capacitor-cordova-android-plugins:generateReleaseRFile
> Task :capacitor-filesystem:writeReleaseAarMetadata UP-TO-DATE
> Task :capacitor-cordova-android-plugins:writeReleaseAarMetadata
> Task :capacitor-cordova-android-plugins:compileReleaseJavaWithJavac NO-SOURCE
> Task :capacitor-share:writeReleaseAarMetadata UP-TO-DATE
> Task :capacitor-splash-screen:writeReleaseAarMetadata UP-TO-DATE
> Task :capacitor-cordova-android-plugins:bundleLibRuntimeToJarRelease
> Task :capacitor-status-bar:writeReleaseAarMetadata UP-TO-DATE
> Task :app:checkReleaseAarMetadata UP-TO-DATE
> Task :app:processReleaseNavigationResources UP-TO-DATE
> Task :app:compileReleaseNavigationResources UP-TO-DATE
> Task :app:generateReleaseResValues UP-TO-DATE
> Task :app:mapReleaseSourceSetPaths UP-TO-DATE
> Task :app:generateReleaseResources UP-TO-DATE
> Task :app:mergeReleaseResources UP-TO-DATE
> Task :app:packageReleaseResources UP-TO-DATE
> Task :app:parseReleaseLocalResources UP-TO-DATE
> Task :app:createReleaseCompatibleScreenManifests
> Task :app:extractDeepLinksRelease UP-TO-DATE
> Task :capacitor-android:extractDeepLinksRelease UP-TO-DATE
> Task :capacitor-android:processReleaseManifest UP-TO-DATE
> Task :capacitor-app:extractDeepLinksRelease UP-TO-DATE
> Task :capacitor-app:processReleaseManifest UP-TO-DATE
> Task :capacitor-community-media:extractDeepLinksRelease UP-TO-DATE
> Task :capacitor-community-media:processReleaseManifest UP-TO-DATE
> Task :capacitor-cordova-android-plugins:extractDeepLinksRelease
> Task :capacitor-filesystem:extractDeepLinksRelease UP-TO-DATE
> Task :capacitor-filesystem:processReleaseManifest UP-TO-DATE
> Task :capacitor-share:extractDeepLinksRelease UP-TO-DATE
> Task :capacitor-share:processReleaseManifest UP-TO-DATE
> Task :capacitor-splash-screen:extractDeepLinksRelease UP-TO-DATE
> Task :capacitor-splash-screen:processReleaseManifest UP-TO-DATE
> Task :capacitor-status-bar:extractDeepLinksRelease UP-TO-DATE
> Task :capacitor-status-bar:processReleaseManifest UP-TO-DATE
> Task :capacitor-android:compileReleaseLibraryResources UP-TO-DATE
> Task :capacitor-cordova-android-plugins:processReleaseManifest
> Task :capacitor-app:compileReleaseLibraryResources UP-TO-DATE

> Task :app:processReleaseMainManifest
C:\Users\giann\spectra-app\android\app\src\main\AndroidManifest.xml:47:5-96 Warning:
	uses-permission#android.permission.READ_MEDIA_IMAGES was tagged at AndroidManifest.xml:47 to remove other declarations but no other declaration present
C:\Users\giann\spectra-app\android\app\src\main\AndroidManifest.xml:48:5-95 Warning:
	uses-permission#android.permission.READ_MEDIA_VIDEO was tagged at AndroidManifest.xml:48 to remove other declarations but no other declaration present
C:\Users\giann\spectra-app\android\app\src\main\AndroidManifest.xml:49:5-110 Warning:
	uses-permission#android.permission.READ_MEDIA_VISUAL_USER_SELECTED was tagged at AndroidManifest.xml:49 to remove other declarations but no other declaration present
C:\Users\giann\spectra-app\android\app\src\main\AndroidManifest.xml:50:5-100 Warning:
	uses-permission#android.permission.READ_EXTERNAL_STORAGE was tagged at AndroidManifest.xml:50 to remove other declarations but no other declaration present

> Task :app:processReleaseManifest
> Task :capacitor-community-media:compileReleaseLibraryResources UP-TO-DATE
> Task :capacitor-filesystem:compileReleaseLibraryResources UP-TO-DATE
> Task :capacitor-share:compileReleaseLibraryResources UP-TO-DATE
> Task :capacitor-cordova-android-plugins:compileReleaseLibraryResources
> Task :capacitor-splash-screen:compileReleaseLibraryResources UP-TO-DATE
> Task :capacitor-status-bar:compileReleaseLibraryResources UP-TO-DATE
> Task :capacitor-app:bundleLibCompileToJarRelease UP-TO-DATE
> Task :capacitor-community-media:bundleLibCompileToJarRelease UP-TO-DATE
> Task :capacitor-filesystem:bundleLibCompileToJarRelease UP-TO-DATE
> Task :capacitor-share:bundleLibCompileToJarRelease UP-TO-DATE
> Task :capacitor-splash-screen:bundleLibCompileToJarRelease UP-TO-DATE
> Task :capacitor-cordova-android-plugins:bundleLibCompileToJarRelease
> Task :capacitor-status-bar:bundleLibCompileToJarRelease UP-TO-DATE
> Task :app:desugarReleaseFileDependencies UP-TO-DATE
> Task :app:mergeReleaseStartupProfile UP-TO-DATE
> Task :app:mergeExtDexRelease UP-TO-DATE
> Task :capacitor-android:prepareReleaseArtProfile UP-TO-DATE
> Task :capacitor-app:prepareReleaseArtProfile UP-TO-DATE
> Task :capacitor-community-media:prepareReleaseArtProfile UP-TO-DATE
> Task :capacitor-cordova-android-plugins:prepareReleaseArtProfile UP-TO-DATE
> Task :capacitor-filesystem:prepareReleaseArtProfile UP-TO-DATE
> Task :capacitor-share:prepareReleaseArtProfile UP-TO-DATE
> Task :capacitor-splash-screen:prepareReleaseArtProfile UP-TO-DATE
> Task :capacitor-status-bar:prepareReleaseArtProfile UP-TO-DATE
> Task :app:mergeReleaseArtProfile UP-TO-DATE
> Task :app:processReleaseManifestForPackage
> Task :app:mergeReleaseShaders UP-TO-DATE
> Task :app:compileReleaseShaders NO-SOURCE
> Task :app:generateReleaseAssets UP-TO-DATE
> Task :capacitor-android:mergeReleaseShaders UP-TO-DATE
> Task :capacitor-android:compileReleaseShaders NO-SOURCE
> Task :capacitor-android:generateReleaseAssets UP-TO-DATE
> Task :capacitor-android:mergeReleaseAssets UP-TO-DATE
> Task :capacitor-app:mergeReleaseShaders UP-TO-DATE
> Task :capacitor-app:compileReleaseShaders NO-SOURCE
> Task :capacitor-app:generateReleaseAssets UP-TO-DATE
> Task :capacitor-app:mergeReleaseAssets UP-TO-DATE
> Task :capacitor-community-media:mergeReleaseShaders UP-TO-DATE
> Task :capacitor-community-media:compileReleaseShaders NO-SOURCE
> Task :capacitor-community-media:generateReleaseAssets UP-TO-DATE
> Task :capacitor-community-media:mergeReleaseAssets UP-TO-DATE
> Task :capacitor-cordova-android-plugins:mergeReleaseShaders
> Task :capacitor-cordova-android-plugins:compileReleaseShaders NO-SOURCE
> Task :capacitor-cordova-android-plugins:generateReleaseAssets UP-TO-DATE
> Task :capacitor-cordova-android-plugins:mergeReleaseAssets
> Task :capacitor-filesystem:mergeReleaseShaders UP-TO-DATE
> Task :capacitor-filesystem:compileReleaseShaders NO-SOURCE
> Task :capacitor-filesystem:generateReleaseAssets UP-TO-DATE
> Task :capacitor-filesystem:mergeReleaseAssets UP-TO-DATE
> Task :capacitor-share:mergeReleaseShaders UP-TO-DATE
> Task :capacitor-share:compileReleaseShaders NO-SOURCE
> Task :capacitor-share:generateReleaseAssets UP-TO-DATE
> Task :capacitor-share:mergeReleaseAssets UP-TO-DATE
> Task :capacitor-splash-screen:mergeReleaseShaders UP-TO-DATE
> Task :capacitor-splash-screen:compileReleaseShaders NO-SOURCE
> Task :capacitor-splash-screen:generateReleaseAssets UP-TO-DATE
> Task :capacitor-splash-screen:mergeReleaseAssets UP-TO-DATE
> Task :capacitor-status-bar:mergeReleaseShaders UP-TO-DATE
> Task :capacitor-status-bar:compileReleaseShaders NO-SOURCE
> Task :capacitor-status-bar:generateReleaseAssets UP-TO-DATE
> Task :capacitor-status-bar:mergeReleaseAssets UP-TO-DATE
> Task :app:mergeReleaseAssets
> Task :app:extractReleaseVersionControlInfo UP-TO-DATE
> Task :app:extractProguardFiles UP-TO-DATE
> Task :capacitor-android:processReleaseJavaRes NO-SOURCE
> Task :capacitor-android:createFullJarRelease UP-TO-DATE
> Task :capacitor-android:extractProguardFiles UP-TO-DATE
> Task :capacitor-android:generateReleaseLintModel UP-TO-DATE
> Task :capacitor-android:prepareLintJarForPublish UP-TO-DATE
> Task :capacitor-app:processReleaseJavaRes NO-SOURCE
> Task :capacitor-app:createFullJarRelease UP-TO-DATE
> Task :capacitor-app:extractProguardFiles UP-TO-DATE
> Task :app:compressReleaseAssets
> Task :capacitor-app:generateReleaseLintModel UP-TO-DATE
> Task :capacitor-app:prepareLintJarForPublish UP-TO-DATE
> Task :capacitor-community-media:processReleaseJavaRes NO-SOURCE
> Task :capacitor-community-media:createFullJarRelease UP-TO-DATE
> Task :capacitor-community-media:extractProguardFiles UP-TO-DATE
> Task :capacitor-community-media:generateReleaseLintModel UP-TO-DATE
> Task :capacitor-community-media:prepareLintJarForPublish UP-TO-DATE
> Task :capacitor-cordova-android-plugins:processReleaseJavaRes NO-SOURCE
> Task :capacitor-cordova-android-plugins:createFullJarRelease
> Task :capacitor-cordova-android-plugins:extractProguardFiles
> Task :capacitor-cordova-android-plugins:generateReleaseLintModel
> Task :capacitor-cordova-android-plugins:prepareLintJarForPublish UP-TO-DATE
> Task :capacitor-filesystem:processReleaseJavaRes UP-TO-DATE
> Task :capacitor-filesystem:createFullJarRelease UP-TO-DATE
> Task :capacitor-filesystem:extractProguardFiles UP-TO-DATE
> Task :capacitor-filesystem:generateReleaseLintModel UP-TO-DATE
> Task :capacitor-filesystem:prepareLintJarForPublish UP-TO-DATE
> Task :capacitor-share:processReleaseJavaRes NO-SOURCE
> Task :capacitor-share:createFullJarRelease UP-TO-DATE
> Task :capacitor-share:extractProguardFiles UP-TO-DATE
> Task :capacitor-share:generateReleaseLintModel UP-TO-DATE
> Task :capacitor-share:prepareLintJarForPublish UP-TO-DATE
> Task :capacitor-splash-screen:processReleaseJavaRes NO-SOURCE
> Task :capacitor-splash-screen:createFullJarRelease UP-TO-DATE
> Task :capacitor-splash-screen:extractProguardFiles UP-TO-DATE
> Task :capacitor-splash-screen:generateReleaseLintModel UP-TO-DATE
> Task :capacitor-splash-screen:prepareLintJarForPublish UP-TO-DATE
> Task :capacitor-status-bar:processReleaseJavaRes NO-SOURCE
> Task :capacitor-status-bar:createFullJarRelease UP-TO-DATE
> Task :capacitor-status-bar:extractProguardFiles UP-TO-DATE
> Task :capacitor-status-bar:generateReleaseLintModel UP-TO-DATE
> Task :capacitor-status-bar:prepareLintJarForPublish UP-TO-DATE
> Task :capacitor-community-media:checkReleaseAarMetadata UP-TO-DATE
> Task :capacitor-community-media:stripReleaseDebugSymbols NO-SOURCE
> Task :capacitor-community-media:copyReleaseJniLibsProjectAndLocalJars UP-TO-DATE
> Task :capacitor-community-media:extractDeepLinksForAarRelease UP-TO-DATE
> Task :capacitor-community-media:extractReleaseAnnotations UP-TO-DATE
> Task :capacitor-community-media:mergeReleaseGeneratedProguardFiles UP-TO-DATE
> Task :capacitor-community-media:mergeReleaseConsumerProguardFiles UP-TO-DATE
> Task :capacitor-community-media:mergeReleaseJavaResource UP-TO-DATE
> Task :capacitor-community-media:syncReleaseLibJars UP-TO-DATE
> Task :capacitor-community-media:bundleReleaseLocalLintAar UP-TO-DATE
> Task :capacitor-app:checkReleaseAarMetadata UP-TO-DATE
> Task :capacitor-app:stripReleaseDebugSymbols NO-SOURCE
> Task :capacitor-app:copyReleaseJniLibsProjectAndLocalJars UP-TO-DATE
> Task :capacitor-app:extractDeepLinksForAarRelease UP-TO-DATE
> Task :capacitor-app:extractReleaseAnnotations UP-TO-DATE
> Task :capacitor-app:mergeReleaseGeneratedProguardFiles UP-TO-DATE
> Task :capacitor-app:mergeReleaseConsumerProguardFiles UP-TO-DATE
> Task :capacitor-app:mergeReleaseJavaResource UP-TO-DATE
> Task :capacitor-app:syncReleaseLibJars UP-TO-DATE
> Task :capacitor-app:bundleReleaseLocalLintAar UP-TO-DATE
> Task :capacitor-filesystem:checkReleaseAarMetadata UP-TO-DATE
> Task :capacitor-filesystem:stripReleaseDebugSymbols NO-SOURCE
> Task :capacitor-filesystem:copyReleaseJniLibsProjectAndLocalJars UP-TO-DATE
> Task :capacitor-filesystem:extractDeepLinksForAarRelease UP-TO-DATE
> Task :capacitor-filesystem:extractReleaseAnnotations UP-TO-DATE
> Task :capacitor-filesystem:mergeReleaseGeneratedProguardFiles UP-TO-DATE
> Task :capacitor-filesystem:mergeReleaseConsumerProguardFiles UP-TO-DATE
> Task :capacitor-filesystem:mergeReleaseJavaResource UP-TO-DATE
> Task :capacitor-filesystem:syncReleaseLibJars UP-TO-DATE
> Task :capacitor-filesystem:bundleReleaseLocalLintAar UP-TO-DATE
> Task :capacitor-share:checkReleaseAarMetadata UP-TO-DATE
> Task :capacitor-share:stripReleaseDebugSymbols NO-SOURCE
> Task :capacitor-share:copyReleaseJniLibsProjectAndLocalJars UP-TO-DATE
> Task :capacitor-share:extractDeepLinksForAarRelease UP-TO-DATE
> Task :capacitor-share:extractReleaseAnnotations UP-TO-DATE
> Task :capacitor-share:mergeReleaseGeneratedProguardFiles UP-TO-DATE
> Task :capacitor-share:mergeReleaseConsumerProguardFiles UP-TO-DATE
> Task :capacitor-share:mergeReleaseJavaResource UP-TO-DATE
> Task :capacitor-share:syncReleaseLibJars UP-TO-DATE
> Task :capacitor-share:bundleReleaseLocalLintAar UP-TO-DATE
> Task :capacitor-splash-screen:checkReleaseAarMetadata UP-TO-DATE
> Task :capacitor-splash-screen:stripReleaseDebugSymbols NO-SOURCE
> Task :capacitor-splash-screen:copyReleaseJniLibsProjectAndLocalJars UP-TO-DATE
> Task :capacitor-splash-screen:extractDeepLinksForAarRelease UP-TO-DATE
> Task :capacitor-splash-screen:extractReleaseAnnotations UP-TO-DATE
> Task :capacitor-splash-screen:mergeReleaseGeneratedProguardFiles UP-TO-DATE
> Task :capacitor-splash-screen:mergeReleaseConsumerProguardFiles UP-TO-DATE
> Task :capacitor-splash-screen:mergeReleaseJavaResource UP-TO-DATE
> Task :capacitor-splash-screen:syncReleaseLibJars UP-TO-DATE
> Task :capacitor-splash-screen:bundleReleaseLocalLintAar UP-TO-DATE
> Task :capacitor-status-bar:checkReleaseAarMetadata UP-TO-DATE
> Task :capacitor-status-bar:stripReleaseDebugSymbols NO-SOURCE
> Task :capacitor-status-bar:copyReleaseJniLibsProjectAndLocalJars UP-TO-DATE
> Task :capacitor-status-bar:extractDeepLinksForAarRelease UP-TO-DATE
> Task :capacitor-status-bar:extractReleaseAnnotations UP-TO-DATE
> Task :capacitor-status-bar:mergeReleaseGeneratedProguardFiles UP-TO-DATE
> Task :capacitor-status-bar:mergeReleaseConsumerProguardFiles UP-TO-DATE
> Task :capacitor-status-bar:mergeReleaseJavaResource UP-TO-DATE
> Task :capacitor-status-bar:syncReleaseLibJars UP-TO-DATE
> Task :capacitor-status-bar:bundleReleaseLocalLintAar UP-TO-DATE
> Task :capacitor-android:checkReleaseAarMetadata UP-TO-DATE
> Task :capacitor-android:stripReleaseDebugSymbols NO-SOURCE
> Task :capacitor-android:copyReleaseJniLibsProjectAndLocalJars UP-TO-DATE
> Task :capacitor-android:extractDeepLinksForAarRelease UP-TO-DATE
> Task :capacitor-android:extractReleaseAnnotations UP-TO-DATE
> Task :capacitor-android:mergeReleaseGeneratedProguardFiles UP-TO-DATE
> Task :capacitor-android:mergeReleaseConsumerProguardFiles UP-TO-DATE
> Task :capacitor-android:mergeReleaseJavaResource UP-TO-DATE
> Task :capacitor-android:syncReleaseLibJars UP-TO-DATE
> Task :capacitor-android:bundleReleaseLocalLintAar UP-TO-DATE
> Task :capacitor-cordova-android-plugins:stripReleaseDebugSymbols NO-SOURCE
> Task :capacitor-cordova-android-plugins:checkReleaseAarMetadata
> Task :capacitor-cordova-android-plugins:copyReleaseJniLibsProjectAndLocalJars
> Task :capacitor-cordova-android-plugins:extractDeepLinksForAarRelease UP-TO-DATE
> Task :capacitor-cordova-android-plugins:extractReleaseAnnotations
> Task :capacitor-cordova-android-plugins:mergeReleaseGeneratedProguardFiles UP-TO-DATE
> Task :capacitor-cordova-android-plugins:mergeReleaseConsumerProguardFiles UP-TO-DATE
> Task :capacitor-cordova-android-plugins:mergeReleaseJavaResource
> Task :capacitor-android:lintVitalAnalyzeRelease UP-TO-DATE
> Task :capacitor-cordova-android-plugins:syncReleaseLibJars
> Task :capacitor-cordova-android-plugins:bundleReleaseLocalLintAar
> Task :capacitor-android:writeReleaseLintModelMetadata UP-TO-DATE
> Task :capacitor-app:lintVitalAnalyzeRelease UP-TO-DATE
> Task :capacitor-app:writeReleaseLintModelMetadata UP-TO-DATE
> Task :capacitor-community-media:lintVitalAnalyzeRelease UP-TO-DATE
> Task :capacitor-community-media:writeReleaseLintModelMetadata UP-TO-DATE
> Task :capacitor-cordova-android-plugins:writeReleaseLintModelMetadata
> Task :app:processReleaseResources
> Task :app:compileReleaseJavaWithJavac UP-TO-DATE
> Task :app:dexBuilderRelease UP-TO-DATE
> Task :app:mergeDexRelease UP-TO-DATE
> Task :app:mergeReleaseGlobalSynthetics UP-TO-DATE
> Task :app:compileReleaseArtProfile UP-TO-DATE
> Task :app:generateReleaseLintVitalReportModel
> Task :capacitor-filesystem:lintVitalAnalyzeRelease UP-TO-DATE
> Task :capacitor-filesystem:writeReleaseLintModelMetadata UP-TO-DATE
> Task :capacitor-share:lintVitalAnalyzeRelease UP-TO-DATE
> Task :capacitor-share:writeReleaseLintModelMetadata UP-TO-DATE
> Task :capacitor-splash-screen:lintVitalAnalyzeRelease UP-TO-DATE
> Task :capacitor-splash-screen:writeReleaseLintModelMetadata UP-TO-DATE
> Task :capacitor-status-bar:lintVitalAnalyzeRelease UP-TO-DATE
> Task :capacitor-status-bar:writeReleaseLintModelMetadata UP-TO-DATE
> Task :capacitor-android:generateReleaseLintVitalModel UP-TO-DATE
> Task :capacitor-app:generateReleaseLintVitalModel UP-TO-DATE
> Task :capacitor-community-media:generateReleaseLintVitalModel UP-TO-DATE
> Task :capacitor-cordova-android-plugins:generateReleaseLintVitalModel
> Task :capacitor-filesystem:generateReleaseLintVitalModel UP-TO-DATE
> Task :capacitor-share:generateReleaseLintVitalModel UP-TO-DATE
> Task :capacitor-splash-screen:generateReleaseLintVitalModel UP-TO-DATE
> Task :capacitor-status-bar:generateReleaseLintVitalModel UP-TO-DATE
> Task :app:processReleaseJavaRes NO-SOURCE
> Task :app:mergeReleaseJavaResource UP-TO-DATE
> Task :app:collectReleaseDependencies UP-TO-DATE
> Task :app:sdkReleaseDependencyData UP-TO-DATE
> Task :app:validateSigningRelease UP-TO-DATE
> Task :app:writeReleaseAppMetadata UP-TO-DATE
> Task :app:writeReleaseSigningConfigVersions UP-TO-DATE
> Task :capacitor-android:bundleReleaseAar UP-TO-DATE
> Task :capacitor-android:mapReleaseSourceSetPaths UP-TO-DATE
> Task :capacitor-android:mergeReleaseResources UP-TO-DATE
> Task :capacitor-android:verifyReleaseResources UP-TO-DATE
> Task :capacitor-android:assembleRelease UP-TO-DATE
> Task :capacitor-app:bundleReleaseAar UP-TO-DATE
> Task :capacitor-app:mapReleaseSourceSetPaths UP-TO-DATE
> Task :capacitor-app:mergeReleaseResources UP-TO-DATE
> Task :capacitor-app:verifyReleaseResources UP-TO-DATE
> Task :capacitor-app:assembleRelease UP-TO-DATE
> Task :capacitor-community-media:bundleReleaseAar UP-TO-DATE
> Task :capacitor-community-media:mapReleaseSourceSetPaths UP-TO-DATE
> Task :capacitor-community-media:mergeReleaseResources UP-TO-DATE
> Task :capacitor-community-media:verifyReleaseResources UP-TO-DATE
> Task :capacitor-community-media:assembleRelease UP-TO-DATE
> Task :capacitor-cordova-android-plugins:bundleReleaseAar
> Task :capacitor-cordova-android-plugins:mapReleaseSourceSetPaths
> Task :capacitor-cordova-android-plugins:lintVitalAnalyzeRelease
> Task :capacitor-cordova-android-plugins:mergeReleaseResources
> Task :capacitor-filesystem:bundleReleaseAar UP-TO-DATE
> Task :capacitor-filesystem:mapReleaseSourceSetPaths UP-TO-DATE
> Task :capacitor-filesystem:mergeReleaseResources UP-TO-DATE
> Task :capacitor-filesystem:verifyReleaseResources UP-TO-DATE
> Task :capacitor-filesystem:assembleRelease UP-TO-DATE
> Task :capacitor-share:bundleReleaseAar UP-TO-DATE
> Task :capacitor-share:mapReleaseSourceSetPaths UP-TO-DATE
> Task :capacitor-share:mergeReleaseResources UP-TO-DATE
> Task :capacitor-share:verifyReleaseResources UP-TO-DATE
> Task :capacitor-share:assembleRelease UP-TO-DATE
> Task :capacitor-splash-screen:bundleReleaseAar UP-TO-DATE
> Task :capacitor-splash-screen:mapReleaseSourceSetPaths UP-TO-DATE
> Task :capacitor-splash-screen:mergeReleaseResources UP-TO-DATE
> Task :capacitor-splash-screen:verifyReleaseResources UP-TO-DATE
> Task :capacitor-splash-screen:assembleRelease UP-TO-DATE
> Task :capacitor-status-bar:bundleReleaseAar UP-TO-DATE
> Task :capacitor-status-bar:mapReleaseSourceSetPaths UP-TO-DATE
> Task :capacitor-status-bar:mergeReleaseResources UP-TO-DATE
> Task :capacitor-status-bar:verifyReleaseResources UP-TO-DATE
> Task :capacitor-status-bar:assembleRelease UP-TO-DATE
> Task :app:processApplicationManifestReleaseForBundle
> Task :app:configureReleaseDependencies UP-TO-DATE
> Task :app:parseReleaseIntegrityConfig UP-TO-DATE
> Task :app:optimizeReleaseResources
> Task :app:lintVitalAnalyzeRelease
> Task :app:lintVitalReportRelease
> Task :app:lintVitalRelease
> Task :app:bundleReleaseResources
> Task :capacitor-cordova-android-plugins:verifyReleaseResources
> Task :app:buildReleasePreBundle
> Task :capacitor-cordova-android-plugins:assembleRelease
> Task :app:packageReleaseBundle
> Task :app:packageRelease
> Task :app:createReleaseApkListingFileRedirect
> Task :app:assembleRelease
> Task :app:signReleaseBundle
> Task :app:produceReleaseBundleIdeListingFile
> Task :app:createReleaseBundleListingFileRedirect UP-TO-DATE
> Task :app:bundleRelease

[Incubating] Problems report is available at: file:///C:/Users/giann/spectra-app/android/build/reports/problems/problems-report.html

Deprecated Gradle features were used in this build, making it incompatible with Gradle 9.0.

You can use '--warning-mode all' to show the individual deprecation warnings and determine if they come from your own scripts or plugins.

For more on this, please refer to https://docs.gradle.org/8.13/userguide/command_line_interface.html#sec:command_line_warnings in the Gradle documentation.

BUILD SUCCESSFUL in 8s
367 actionable tasks: 54 executed, 313 up-to-date
